[
  {
    "category": "Capacity Core",
    "claim": "Exact address recall across all arbitrary history assignments forces injective encoder.",
    "equation": "\u00a71.1",
    "file": "lean/Aurelis/Capacity.lean",
    "name": "exact_recall_injective",
    "namespace": "Aurelis",
    "paper_reference": "aurelis.md \u00a71.1",
    "scope": "Arbitrary address, value, and state types; deterministic correct decoder.",
    "type": "\u2200 (encode : (Address \u2192 Value) \u2192 State) (decode : State \u2192 Address \u2192 Value), (\u2200 history address, decode (encode history) address = history address) \u2192 Function.Injective encode"
  },
  {
    "category": "Capacity Core",
    "claim": "Finite-state memory lower bound |S| \u2265 m^n (b \u2265 n log2 m bits).",
    "equation": "(1)",
    "file": "lean/Aurelis/Capacity.lean",
    "name": "exact_recall_capacity",
    "namespace": "Aurelis",
    "paper_reference": "aurelis.md \u00a71.1, Eq. (1)",
    "scope": "Finite types with arbitrary discrete assignments; bit interpretation is analytic corollary.",
    "type": "Fintype.card Value ^ Fintype.card Address \u2264 Fintype.card State"
  },
  {
    "category": "Delta Memory",
    "claim": "Gated delta evaluation is linear under query addition.",
    "equation": "(2)",
    "file": "lean/Aurelis/DeltaMemory.lean",
    "name": "deltaRead_add",
    "namespace": "Aurelis",
    "paper_reference": "aurelis.md \u00a74, Eq. (2)",
    "scope": "Linear map memory over normed inner product space.",
    "type": "deltaRead memory key (q\u2081 + q\u2082) value decay rate = deltaRead memory key q\u2081 value decay rate + deltaRead memory key q\u2082 value decay rate"
  },
  {
    "category": "Delta Memory",
    "claim": "Unit-norm key with beta=1 immediately writes the value at key.",
    "equation": "(2)",
    "file": "lean/Aurelis/DeltaMemory.lean",
    "name": "deltaRead_exact_write",
    "namespace": "Aurelis",
    "paper_reference": "aurelis.md \u00a74, Eq. (2)",
    "scope": "Inner product \u27e8k,k\u27e9=1; does not guarantee persistence across subsequent writes.",
    "type": "inner key key = 1 \u2192 deltaRead memory key key value decay 1 = value"
  },
  {
    "category": "Perturbation Stability",
    "claim": "Rank-one row transition energy identity.",
    "equation": "(5)",
    "file": "lean/Aurelis/DeltaMemory.lean",
    "name": "deltaTransition_energy",
    "namespace": "Aurelis",
    "paper_reference": "aurelis.md \u00a74.1, Eq. (5)",
    "scope": "Real inner-product space, arbitrary real beta.",
    "type": "\u2016deltaTransition key error rate\u2016 ^ 2 = \u2016error\u2016 ^ 2 - rate * (2 - rate * \u2016key\u2016 ^ 2) * (inner key error) ^ 2"
  },
  {
    "category": "Perturbation Stability",
    "claim": "Gated delta transition is non-expansive when beta \u2265 0 and beta ||k||^2 \u2264 2.",
    "equation": "(5)",
    "file": "lean/Aurelis/DeltaMemory.lean",
    "name": "deltaTransition_nonexpansive",
    "namespace": "Aurelis",
    "paper_reference": "aurelis.md \u00a74.1, Eq. (5)",
    "scope": "Row-level contraction under matched inputs.",
    "type": "0 \u2264 rate \u2192 rate * \u2016key\u2016 ^ 2 \u2264 2 \u2192 \u2016deltaTransition key error rate\u2016 \u2264 \u2016error\u2016"
  },
  {
    "category": "Perturbation Stability",
    "claim": "Decay factor alpha scales the perturbation bound; ||D+||_F \u2264 alpha ||D||_F.",
    "equation": "(5)-(6)",
    "file": "lean/Aurelis/DeltaMemory.lean",
    "name": "decayed_delta_nonexpansive",
    "namespace": "Aurelis",
    "paper_reference": "aurelis.md \u00a74.1, Eq. (5)-(6)",
    "scope": "Fixed input perturbation; matrix Frobenius corollary is analytic.",
    "type": "0 \u2264 decay \u2192 0 \u2264 rate \u2192 rate * \u2016key\u2016 ^ 2 \u2264 2 \u2192 \u2016decay \u2022 deltaTransition key error rate\u2016 \u2264 decay * \u2016error\u2016"
  },
  {
    "category": "Certified Read",
    "claim": "Normalized completion satisfies mass-consistent linear balance.",
    "equation": "(8)",
    "file": "lean/Aurelis/CertifiedRead.lean",
    "name": "completedRead_balance",
    "namespace": "Aurelis",
    "paper_reference": "aurelis.md \u00a75, Eq. (8)",
    "scope": "Vectors in real normed space; nonzero total mass.",
    "type": "zs + zh \u2260 0 \u2192 (zs + zh) \u2022 completedRead zs zh ns prior = ns + zh \u2022 prior"
  },
  {
    "category": "Certified Read",
    "claim": "Empty-unread endpoint recovers exact full softmax over selected tokens.",
    "equation": "(7)-(8)",
    "file": "lean/Aurelis/CertifiedRead.lean",
    "name": "completedRead_full",
    "namespace": "Aurelis",
    "paper_reference": "aurelis.md \u00a75, Eq. (7)-(8)",
    "scope": "Real arithmetic, identical Q/K/V.",
    "type": "completedRead zs 0 ns prior = zs\u207b\u00b9 \u2022 ns"
  },
  {
    "category": "Certified Read",
    "claim": "Error decomposition into numerator residual and normalizer mass discrepancy.",
    "equation": "(9)",
    "file": "lean/Aurelis/CertifiedRead.lean",
    "name": "completion_error_identity",
    "namespace": "Aurelis",
    "paper_reference": "aurelis.md \u00a76, Eq. (9)",
    "scope": "Algebraic vector identity in real normed spaces.",
    "type": "(zs + zo) \u2022 ((zs + zo)\u207b\u00b9 \u2022 (ns + no) - completedRead zs zh ns prior) = (no - zo \u2022 prior) + (zo - zh) \u2022 (prior - completedRead zs zh ns prior)"
  },
  {
    "category": "Certified Read",
    "claim": "Deterministic residual certificate norm bound.",
    "equation": "(10)",
    "file": "lean/Aurelis/CertifiedRead.lean",
    "name": "residual_certificate",
    "namespace": "Aurelis",
    "paper_reference": "aurelis.md \u00a76.1, Eq. (10)",
    "scope": "Positive denominator floor; valid residual and mass bounds.",
    "type": "0 < z_floor \u2192 \u2016truth - approx\u2016 \u2264 z_floor\u207b\u00b9 * (res_bound + mass_err * \u2016prior - approx\u2016)"
  },
  {
    "category": "Certified Read",
    "claim": "Midpoint mass estimation error is bounded by half the interval width.",
    "equation": "(10)",
    "file": "lean/Aurelis/CertifiedRead.lean",
    "name": "midpoint_error",
    "namespace": "Aurelis",
    "paper_reference": "aurelis.md \u00a76.1, Eq. (10)",
    "scope": "Real intervals.",
    "type": "lo \u2264 actual \u2192 actual \u2264 hi \u2192 |actual - (lo + hi) / 2| \u2264 (hi - lo) / 2"
  },
  {
    "category": "Certified Read",
    "claim": "Complete midpoint certificate tied directly to completedRead output.",
    "equation": "(10)",
    "file": "lean/Aurelis/CertifiedRead.lean",
    "name": "completedRead_certificate",
    "namespace": "Aurelis",
    "paper_reference": "aurelis.md \u00a76.1, Eq. (10)",
    "scope": "Positive selected mass, nonnegative lower unread bound.",
    "type": "0 < zs \u2192 0 \u2264 lo \u2192 lo \u2264 zo \u2192 zo \u2264 hi \u2192 \u2016no - zo \u2022 prior\u2016 \u2264 res_bound \u2192 \u2016(zs + zo)\u207b\u00b9 \u2022 (ns + no) - completedRead zs ((lo + hi) / 2) ns prior\u2016 \u2264 (zs + lo)\u207b\u00b9 * (res_bound + ((hi - lo) / 2) * \u2016prior - completedRead zs ((lo + hi) / 2) ns prior\u2016)"
  },
  {
    "category": "Page Envelopes",
    "claim": "Coordinate key-box implies score upper bound.",
    "equation": "(11)",
    "file": "lean/Aurelis/PageEnvelope.lean",
    "name": "envelope_dot_upper",
    "namespace": "Aurelis",
    "paper_reference": "aurelis.md \u00a76.2, Eq. (11)",
    "scope": "Exact finite sum; sign decomposition.",
    "type": "PointwiseEnvelope p key \u2192 PointwiseEnvelope.dotUpper p q key"
  },
  {
    "category": "Page Envelopes",
    "claim": "Coordinate key-box implies score lower bound.",
    "equation": "(11)",
    "file": "lean/Aurelis/PageEnvelope.lean",
    "name": "envelope_dot_lower",
    "namespace": "Aurelis",
    "paper_reference": "aurelis.md \u00a76.2, Eq. (11)",
    "scope": "Exact finite sum; sign decomposition.",
    "type": "PointwiseEnvelope p key \u2192 PointwiseEnvelope.dotLower p q key"
  },
  {
    "category": "Page Envelopes",
    "claim": "Exponential monotonicity preserves score bounds.",
    "equation": "(11)-(12)",
    "file": "lean/Aurelis/PageEnvelope.lean",
    "name": "exp_envelope_dot_upper",
    "namespace": "Aurelis",
    "paper_reference": "aurelis.md \u00a76.2, Eq. (11)-(12)",
    "scope": "Real exponential.",
    "type": "PointwiseEnvelope p key \u2192 exp(score) \u2264 exp(dotUpper)"
  },
  {
    "category": "Page Envelopes",
    "claim": "Exponential monotonicity preserves lower score bounds.",
    "equation": "(11)-(12)",
    "file": "lean/Aurelis/PageEnvelope.lean",
    "name": "exp_envelope_dot_lower",
    "namespace": "Aurelis",
    "paper_reference": "aurelis.md \u00a76.2, Eq. (11)-(12)",
    "scope": "Real exponential.",
    "type": "PointwiseEnvelope p key \u2192 exp(dotLower) \u2264 exp(score)"
  },
  {
    "category": "Page Envelopes",
    "claim": "Page value ball and score upper bound yield aggregate residual radius.",
    "equation": "(12)",
    "file": "lean/Aurelis/PageEnvelope.lean",
    "name": "page_residual_ball",
    "namespace": "Aurelis",
    "paper_reference": "aurelis.md \u00a76.2, Eq. (12)",
    "scope": "Finite weighted sum; requires verified page ball metadata.",
    "type": "\u2016\u2211 i \u2208 page, exp(score i) \u2022 (value i - prior)\u2016 \u2264 (|page| * exp(upper)) * (\u2016center - prior\u2016 + radius)"
  },
  {
    "category": "Causal Handoff",
    "claim": "Recent and remote occurrence lists partition history disjointly.",
    "equation": "\u00a73",
    "file": "lean/Aurelis/Handoff.lean",
    "name": "handoff_partition",
    "namespace": "Aurelis",
    "paper_reference": "aurelis.md \u00a73",
    "scope": "List partitioning.",
    "type": "recent ++ remote = history"
  },
  {
    "category": "Causal Handoff",
    "claim": "Recent cache length is strictly bounded by sliding window size w.",
    "equation": "\u00a73",
    "file": "lean/Aurelis/Handoff.lean",
    "name": "recent_length_le_window",
    "namespace": "Aurelis",
    "paper_reference": "aurelis.md \u00a73",
    "scope": "List length bounded by w.",
    "type": "recent.length \u2264 window"
  },
  {
    "category": "Transport Geometry",
    "claim": "Linear transport error decomposes into local bias and memory error.",
    "equation": "(4)",
    "file": "lean/Aurelis/ResidualCorrection.lean",
    "name": "corrected_error_identity",
    "namespace": "Aurelis",
    "paper_reference": "aurelis.md \u00a74, Eq. (4)",
    "scope": "Arbitrary linear maps.",
    "type": "r(q) - W q = (v\u0304 - W k\u0304) + (S - W)(q - k\u0304)"
  },
  {
    "category": "Transport Geometry",
    "claim": "Exact linear state and consistent local values reproduce linear ground truth.",
    "equation": "(4)",
    "file": "lean/Aurelis/ResidualCorrection.lean",
    "name": "corrected_reproduces_linear",
    "namespace": "Aurelis",
    "paper_reference": "aurelis.md \u00a74, Eq. (4)",
    "scope": "Exact linear relations.",
    "type": "S = W \u2192 v\u0304 = W k\u0304 \u2192 r(q) = W q"
  },
  {
    "category": "Transport Geometry",
    "claim": "One-hot local hit reproduces verbatim value at queried key.",
    "equation": "\u00a74",
    "file": "lean/Aurelis/ResidualCorrection.lean",
    "name": "corrected_exact_hit",
    "namespace": "Aurelis",
    "paper_reference": "aurelis.md \u00a74",
    "scope": "Local key match.",
    "type": "q = local_key \u2192 r(q) = local_val"
  }
]
