=== Running Inherited Phase 0 ===
[W904 17:52:28.987966194 collection.cpp:1116] Warning: ROCTracer produced duplicate flow start: 3 (function operator())
============================= test session starts ==============================
platform linux -- Python 3.12.3, pytest-8.4.1, pluggy-1.6.0
rootdir: /root/aurelis
configfile: pyproject.toml
testpaths: tests
collected 66 items

tests/test_autograd.py ..                                                [  3%]
tests/test_compile.py .                                                  [  4%]
tests/test_oracles.py ................                                   [ 28%]
tests/test_partition.py ................                                 [ 53%]
tests/test_phase1_identities.py ...                                      [ 57%]
tests/test_phase2_baselines.py ..........                                [ 72%]
tests/test_phase3.py ....                                                [ 78%]
tests/test_phase4.py ......                                              [ 87%]
tests/test_routing.py ...                                                [ 92%]
tests/test_solvers.py .....                                              [100%]

============================= 66 passed in 14.29s ==============================
Build completed successfully.
=== Running Inherited Phase 1 ===
[W904 17:53:08.426057433 collection.cpp:1116] Warning: ROCTracer produced duplicate flow start: 3 (function operator())
============================= test session starts ==============================
platform linux -- Python 3.12.3, pytest-8.4.1, pluggy-1.6.0
rootdir: /root/aurelis
configfile: pyproject.toml
testpaths: tests
collected 66 items

tests/test_autograd.py ..                                                [  3%]
tests/test_compile.py .                                                  [  4%]
tests/test_oracles.py ................                                   [ 28%]
tests/test_partition.py ................                                 [ 53%]
tests/test_phase1_identities.py ...                                      [ 57%]
tests/test_phase2_baselines.py ..........                                [ 72%]
tests/test_phase3.py ....                                                [ 78%]
tests/test_phase4.py ......                                              [ 87%]
tests/test_routing.py ...                                                [ 92%]
tests/test_solvers.py .....                                              [100%]

============================= 66 passed in 14.12s ==============================
Build completed successfully.
============================= test session starts ==============================
platform linux -- Python 3.12.3, pytest-8.4.1, pluggy-1.6.0
rootdir: /root/aurelis
configfile: pyproject.toml
testpaths: tests
collected 66 items

tests/test_autograd.py ..                                                [  3%]
tests/test_compile.py .                                                  [  4%]
tests/test_oracles.py ................                                   [ 28%]
tests/test_partition.py ................                                 [ 53%]
tests/test_phase1_identities.py ...                                      [ 57%]
tests/test_phase2_baselines.py ..........                                [ 72%]
tests/test_phase3.py ....                                                [ 78%]
tests/test_phase4.py ......                                              [ 87%]
tests/test_routing.py ...                                                [ 92%]
tests/test_solvers.py .....                                              [100%]

============================= 66 passed in 14.32s ==============================
Build completed successfully.
{
  "status": "PASS",
  "checks": {
    "streaming": true,
    "deterministic": true,
    "clipping": true,
    "one_hot": true,
    "monte_carlo": true,
    "covariance_omission_measurable": true,
    "target_conflict_and_misspecification": true,
    "handoff": true,
    "conditioning": true,
    "costs": true
  },
  "aggregate": {
    "streaming_cases": 90,
    "streaming_prefixes_checked": 1467,
    "maximum_streaming_tolerance_ratio": 0.0002742402906496974,
    "partition_failures": 0,
    "deterministic_rows": 64,
    "maximum_identity_tolerance_ratio": 3.3537600009044386e-06,
    "maximum_gate_formula_tolerance_ratio": 4.1578715331926e-05,
    "invalid_gate_cancellation_rows_retained": 12,
    "invalid_conditioning_rows_retained": 4
  },
  "wall_time_seconds": 3.320778631000394
}
=== Running Inherited Phase 2 ===
=== Running Inherited Phase 0 ===
[W904 17:54:10.402068177 collection.cpp:1116] Warning: ROCTracer produced duplicate flow start: 3 (function operator())
============================= test session starts ==============================
platform linux -- Python 3.12.3, pytest-8.4.1, pluggy-1.6.0
rootdir: /root/aurelis
configfile: pyproject.toml
testpaths: tests
collected 66 items

tests/test_autograd.py ..                                                [  3%]
tests/test_compile.py .                                                  [  4%]
tests/test_oracles.py ................                                   [ 28%]
tests/test_partition.py ................                                 [ 53%]
tests/test_phase1_identities.py ...                                      [ 57%]
tests/test_phase2_baselines.py ..........                                [ 72%]
tests/test_phase3.py ....                                                [ 78%]
tests/test_phase4.py ......                                              [ 87%]
tests/test_routing.py ...                                                [ 92%]
tests/test_solvers.py .....                                              [100%]

============================= 66 passed in 14.19s ==============================
Build completed successfully.
=== Running Inherited Phase 1 ===
[W904 17:54:50.132785888 collection.cpp:1116] Warning: ROCTracer produced duplicate flow start: 3 (function operator())
============================= test session starts ==============================
platform linux -- Python 3.12.3, pytest-8.4.1, pluggy-1.6.0
rootdir: /root/aurelis
configfile: pyproject.toml
testpaths: tests
collected 66 items

tests/test_autograd.py ..                                                [  3%]
tests/test_compile.py .                                                  [  4%]
tests/test_oracles.py ................                                   [ 28%]
tests/test_partition.py ................                                 [ 53%]
tests/test_phase1_identities.py ...                                      [ 57%]
tests/test_phase2_baselines.py ..........                                [ 72%]
tests/test_phase3.py ....                                                [ 78%]
tests/test_phase4.py ......                                              [ 87%]
tests/test_routing.py ...                                                [ 92%]
tests/test_solvers.py .....                                              [100%]

============================= 66 passed in 14.27s ==============================
Build completed successfully.
============================= test session starts ==============================
platform linux -- Python 3.12.3, pytest-8.4.1, pluggy-1.6.0
rootdir: /root/aurelis
configfile: pyproject.toml
testpaths: tests
collected 66 items

tests/test_autograd.py ..                                                [  3%]
tests/test_compile.py .                                                  [  4%]
tests/test_oracles.py ................                                   [ 28%]
tests/test_partition.py ................                                 [ 53%]
tests/test_phase1_identities.py ...                                      [ 57%]
tests/test_phase2_baselines.py ..........                                [ 72%]
tests/test_phase3.py ....                                                [ 78%]
tests/test_phase4.py ......                                              [ 87%]
tests/test_routing.py ...                                                [ 92%]
tests/test_solvers.py .....                                              [100%]

============================= 66 passed in 14.47s ==============================
Build completed successfully.
{
  "status": "PASS",
  "checks": {
    "streaming": true,
    "deterministic": true,
    "clipping": true,
    "one_hot": true,
    "monte_carlo": true,
    "covariance_omission_measurable": true,
    "target_conflict_and_misspecification": true,
    "handoff": true,
    "conditioning": true,
    "costs": true
  },
  "aggregate": {
    "streaming_cases": 90,
    "streaming_prefixes_checked": 1467,
    "maximum_streaming_tolerance_ratio": 0.0002742402906496974,
    "partition_failures": 0,
    "deterministic_rows": 64,
    "maximum_identity_tolerance_ratio": 3.3537600009044386e-06,
    "maximum_gate_formula_tolerance_ratio": 4.1578715331926e-05,
    "invalid_gate_cancellation_rows_retained": 12,
    "invalid_conditioning_rows_retained": 4
  },
  "wall_time_seconds": 3.2962742620002246
}
=== Running Pytest Suite ===
============================= test session starts ==============================
platform linux -- Python 3.12.3, pytest-8.4.1, pluggy-1.6.0
rootdir: /root/aurelis
configfile: pyproject.toml
testpaths: tests
collected 66 items

tests/test_autograd.py ..                                                [  3%]
tests/test_compile.py .                                                  [  4%]
tests/test_oracles.py ................                                   [ 28%]
tests/test_partition.py ................                                 [ 53%]
tests/test_phase1_identities.py ...                                      [ 57%]
tests/test_phase2_baselines.py ..........                                [ 72%]
tests/test_phase3.py ....                                                [ 78%]
tests/test_phase4.py ......                                              [ 87%]
tests/test_routing.py ...                                                [ 92%]
tests/test_solvers.py .....                                              [100%]

============================= 66 passed in 14.20s ==============================
=== Building Lean Formal Proofs ===
Build completed successfully.
=== Checking for Lean Placeholders ===
=== Running Phase 2 Experiment ===
[2026-09-04T17:56:07.738479+00:00] Starting Phase 2 Experiment on cuda (dtype: torch.float64)
Running 9 Falsification Suites across seeds...
Evaluating 10 baselines in the Four Views...
Running context length sweeps (64 to 2048)...
Computing Gate Checks and Statistical Audits...
Phase 2 Gates Status: PASS
  gate_1_baselines_pass_equation_tests: True
  gate_2_linear_reproduction_isolated: True
  gate_3_gaussian_advantage_survives_every_seed: True
  gate_4_aurelis_e_exception_isolated: True
  gate_5_nonlinear_no_advantage_retained: True
  gate_6_capacity_failures_agree_with_limits: True
  gate_7_full_covariance_beats_independence_heuristic: True
Metrics saved to /root/aurelis/results/phase2/metrics.json
=== Verifying Phase 2 Gates ===
PASS record written to /root/aurelis/results/phase2/PASS.md
=== Running Pytest Suite ===
============================= test session starts ==============================
platform linux -- Python 3.12.3, pytest-8.4.1, pluggy-1.6.0
rootdir: /root/aurelis
configfile: pyproject.toml
testpaths: tests
collected 66 items

tests/test_autograd.py ..                                                [  3%]
tests/test_compile.py .                                                  [  4%]
tests/test_oracles.py ................                                   [ 28%]
tests/test_partition.py ................                                 [ 53%]
tests/test_phase1_identities.py ...                                      [ 57%]
tests/test_phase2_baselines.py ..........                                [ 72%]
tests/test_phase3.py ....                                                [ 78%]
tests/test_phase4.py ......                                              [ 87%]
tests/test_routing.py ...                                                [ 92%]
tests/test_solvers.py .....                                              [100%]

============================= 66 passed in 14.22s ==============================
=== Building Lean Formal Proofs ===
Build completed successfully.
=== Checking for Lean Placeholders ===
=== Running Phase 3 Experiment ===
=== Starting Phase 3: 16 models x 5 seeds on cuda:0 ===

--- Running Seed 301 ---
  Training model: aurelis_e (seed 301)...
    Done: Agg Risk = 0.4471, erank = 13.27
  Training model: aurelis_b (seed 301)...
    Done: Agg Risk = 0.5247, erank = 13.71
  Training model: local_only (seed 301)...
    Done: Agg Risk = 1.5262, erank = 13.63
  Training model: remote_only (seed 301)...
    Done: Agg Risk = 1.3207, erank = 13.55
  Training model: learned_sum (seed 301)...
    Done: Agg Risk = 0.6632, erank = 13.40
  Training model: gated_delta (seed 301)...
    Done: Agg Risk = 0.8789, erank = 14.72
  Training model: cumulative_least_squares (seed 301)...
    Done: Agg Risk = 0.4973, erank = 13.12
  Training model: independent_charts (seed 301)...
    Done: Agg Risk = 0.5303, erank = 14.46
  Training model: fixed_evidence (seed 301)...
    Done: Agg Risk = 0.4085, erank = 13.37
  Training model: fixed_gate_0 (seed 301)...
    Done: Agg Risk = 1.3310, erank = 13.40
  Training model: fixed_gate_1 (seed 301)...
    Done: Agg Risk = 0.5199, erank = 14.16
  Training model: analytic_gate_no_override (seed 301)...
    Done: Agg Risk = 0.5578, erank = 13.44
  Training model: learned_sigmoid_gate_no_analytic (seed 301)...
    Done: Agg Risk = 0.4218, erank = 13.74
  Training model: analytic_plus_episodic_gate (seed 301)...
    Done: Agg Risk = 0.4881, erank = 13.65
  Training model: cache_overlap_double_counting (seed 301)...
    Done: Agg Risk = 0.3649, erank = 13.38
  Training model: random_frozen_features (seed 301)...
    Done: Agg Risk = 2.3426, erank = 15.07

--- Running Seed 302 ---
  Training model: aurelis_e (seed 302)...
    Done: Agg Risk = 0.4556, erank = 13.58
  Training model: aurelis_b (seed 302)...
    Done: Agg Risk = 0.5100, erank = 13.51
  Training model: local_only (seed 302)...
    Done: Agg Risk = 1.4610, erank = 14.07
  Training model: remote_only (seed 302)...
    Done: Agg Risk = 1.3490, erank = 13.82
  Training model: learned_sum (seed 302)...
    Done: Agg Risk = 0.7263, erank = 13.08
  Training model: gated_delta (seed 302)...
    Done: Agg Risk = 0.7703, erank = 14.50
  Training model: cumulative_least_squares (seed 302)...
    Done: Agg Risk = 0.5279, erank = 13.59
  Training model: independent_charts (seed 302)...
    Done: Agg Risk = 0.4266, erank = 14.56
  Training model: fixed_evidence (seed 302)...
    Done: Agg Risk = 0.3883, erank = 13.25
  Training model: fixed_gate_0 (seed 302)...
    Done: Agg Risk = 1.2999, erank = 13.64
  Training model: fixed_gate_1 (seed 302)...
    Done: Agg Risk = 0.5556, erank = 13.99
  Training model: analytic_gate_no_override (seed 302)...
    Done: Agg Risk = 0.4893, erank = 13.28
  Training model: learned_sigmoid_gate_no_analytic (seed 302)...
    Done: Agg Risk = 0.4637, erank = 13.42
  Training model: analytic_plus_episodic_gate (seed 302)...
    Done: Agg Risk = 0.4740, erank = 13.61
  Training model: cache_overlap_double_counting (seed 302)...
    Done: Agg Risk = 0.3746, erank = 13.38
  Training model: random_frozen_features (seed 302)...
    Done: Agg Risk = 2.5062, erank = 14.56

--- Running Seed 303 ---
  Training model: aurelis_e (seed 303)...
    Done: Agg Risk = 0.4942, erank = 13.42
  Training model: aurelis_b (seed 303)...
    Done: Agg Risk = 0.5033, erank = 13.69
  Training model: local_only (seed 303)...
    Done: Agg Risk = 1.5092, erank = 13.71
  Training model: remote_only (seed 303)...
    Done: Agg Risk = 1.3040, erank = 14.01
  Training model: learned_sum (seed 303)...
    Done: Agg Risk = 0.6793, erank = 14.00
  Training model: gated_delta (seed 303)...
    Done: Agg Risk = 0.6422, erank = 14.69
  Training model: cumulative_least_squares (seed 303)...
    Done: Agg Risk = 0.5207, erank = 12.88
  Training model: independent_charts (seed 303)...
    Done: Agg Risk = 0.6009, erank = 14.53
  Training model: fixed_evidence (seed 303)...
    Done: Agg Risk = 0.3817, erank = 13.23
  Training model: fixed_gate_0 (seed 303)...
    Done: Agg Risk = 1.3247, erank = 13.87
  Training model: fixed_gate_1 (seed 303)...
    Done: Agg Risk = 0.7416, erank = 13.84
  Training model: analytic_gate_no_override (seed 303)...
    Done: Agg Risk = 0.4826, erank = 13.50
  Training model: learned_sigmoid_gate_no_analytic (seed 303)...
    Done: Agg Risk = 0.4697, erank = 13.70
  Training model: analytic_plus_episodic_gate (seed 303)...
    Done: Agg Risk = 0.4068, erank = 14.00
  Training model: cache_overlap_double_counting (seed 303)...
    Done: Agg Risk = 0.3629, erank = 13.67
  Training model: random_frozen_features (seed 303)...
    Done: Agg Risk = 2.3486, erank = 14.59

--- Running Seed 304 ---
  Training model: aurelis_e (seed 304)...
    Done: Agg Risk = 0.4514, erank = 13.21
  Training model: aurelis_b (seed 304)...
    Done: Agg Risk = 0.5198, erank = 13.41
  Training model: local_only (seed 304)...
    Done: Agg Risk = 1.5034, erank = 14.13
  Training model: remote_only (seed 304)...
    Done: Agg Risk = 1.3299, erank = 13.91
  Training model: learned_sum (seed 304)...
    Done: Agg Risk = 0.7174, erank = 13.14
  Training model: gated_delta (seed 304)...
    Done: Agg Risk = 0.8137, erank = 14.34
  Training model: cumulative_least_squares (seed 304)...
    Done: Agg Risk = 0.4978, erank = 13.17
  Training model: independent_charts (seed 304)...
    Done: Agg Risk = 0.4417, erank = 14.20
  Training model: fixed_evidence (seed 304)...
    Done: Agg Risk = 0.3904, erank = 13.36
  Training model: fixed_gate_0 (seed 304)...
    Done: Agg Risk = 1.3457, erank = 13.70
  Training model: fixed_gate_1 (seed 304)...
    Done: Agg Risk = 0.7315, erank = 13.72
  Training model: analytic_gate_no_override (seed 304)...
    Done: Agg Risk = 0.5355, erank = 13.52
  Training model: learned_sigmoid_gate_no_analytic (seed 304)...
    Done: Agg Risk = 0.4792, erank = 13.40
  Training model: analytic_plus_episodic_gate (seed 304)...
    Done: Agg Risk = 0.4872, erank = 13.74
  Training model: cache_overlap_double_counting (seed 304)...
    Done: Agg Risk = 0.3573, erank = 13.57
  Training model: random_frozen_features (seed 304)...
    Done: Agg Risk = 2.3914, erank = 14.87

--- Running Seed 305 ---
  Training model: aurelis_e (seed 305)...
    Done: Agg Risk = 0.4640, erank = 13.29
  Training model: aurelis_b (seed 305)...
    Done: Agg Risk = 0.4752, erank = 13.88
  Training model: local_only (seed 305)...
    Done: Agg Risk = 1.5177, erank = 14.05
  Training model: remote_only (seed 305)...
    Done: Agg Risk = 1.2756, erank = 13.49
  Training model: learned_sum (seed 305)...
    Done: Agg Risk = 0.6957, erank = 13.32
  Training model: gated_delta (seed 305)...
    Done: Agg Risk = 0.7403, erank = 14.53
  Training model: cumulative_least_squares (seed 305)...
    Done: Agg Risk = 0.4993, erank = 13.28
  Training model: independent_charts (seed 305)...
    Done: Agg Risk = 0.3958, erank = 14.56
  Training model: fixed_evidence (seed 305)...
    Done: Agg Risk = 0.3707, erank = 13.74
  Training model: fixed_gate_0 (seed 305)...
    Done: Agg Risk = 1.2838, erank = 13.96
  Training model: fixed_gate_1 (seed 305)...
    Done: Agg Risk = 0.5761, erank = 13.60
  Training model: analytic_gate_no_override (seed 305)...
    Done: Agg Risk = 0.4793, erank = 13.32
  Training model: learned_sigmoid_gate_no_analytic (seed 305)...
    Done: Agg Risk = 0.5100, erank = 13.41
  Training model: analytic_plus_episodic_gate (seed 305)...
    Done: Agg Risk = 0.4697, erank = 13.75
  Training model: cache_overlap_double_counting (seed 305)...
    Done: Agg Risk = 0.3281, erank = 13.57
  Training model: random_frozen_features (seed 305)...
    Done: Agg Risk = 2.3450, erank = 14.88
Generating plots...

=== Experiment Finished. Status: PASS ===
  gate_1_solves_every_task_family: PASS
  gate_2_improves_over_frozen_random_features: PASS
  gate_3_shared_beats_independent_charts: PASS
  gate_4_aurelis_e_exception_isolated_from_bayes: PASS
  gate_5_observable_cue_explains_override: PASS
  gate_6_handoff_boundary_within_tolerance: PASS
  gate_7_all_seeds_reported_finite: PASS
=== Verifying Phase 3 Gates ===
PASS record written to /root/aurelis/results/phase3/PASS.md
