=== Running Inherited Phase 0 ===
[W904 06:46:52.172616204 collection.cpp:1116] Warning: ROCTracer produced duplicate flow start: 3 (function operator())
============================= test session starts ==============================
platform linux -- Python 3.12.3, pytest-8.4.1, pluggy-1.6.0
rootdir: /root/aurelis
configfile: pyproject.toml
testpaths: tests
collected 60 items

tests/test_autograd.py ..                                                [  3%]
tests/test_compile.py .                                                  [  5%]
tests/test_oracles.py ................                                   [ 31%]
tests/test_partition.py ................                                 [ 58%]
tests/test_phase1_identities.py ...                                      [ 63%]
tests/test_phase2_baselines.py ..........                                [ 80%]
tests/test_phase3.py ....                                                [ 86%]
tests/test_routing.py ...                                                [ 91%]
tests/test_solvers.py .....                                              [100%]

============================= 60 passed in 14.48s ==============================
Build completed successfully.
=== Running Inherited Phase 1 ===
[W904 06:47:33.420030196 collection.cpp:1116] Warning: ROCTracer produced duplicate flow start: 3 (function operator())
============================= test session starts ==============================
platform linux -- Python 3.12.3, pytest-8.4.1, pluggy-1.6.0
rootdir: /root/aurelis
configfile: pyproject.toml
testpaths: tests
collected 60 items

tests/test_autograd.py ..                                                [  3%]
tests/test_compile.py .                                                  [  5%]
tests/test_oracles.py ................                                   [ 31%]
tests/test_partition.py ................                                 [ 58%]
tests/test_phase1_identities.py ...                                      [ 63%]
tests/test_phase2_baselines.py ..........                                [ 80%]
tests/test_phase3.py ....                                                [ 86%]
tests/test_routing.py ...                                                [ 91%]
tests/test_solvers.py .....                                              [100%]

============================= 60 passed in 14.37s ==============================
Build completed successfully.
============================= test session starts ==============================
platform linux -- Python 3.12.3, pytest-8.4.1, pluggy-1.6.0
rootdir: /root/aurelis
configfile: pyproject.toml
testpaths: tests
collected 60 items

tests/test_autograd.py ..                                                [  3%]
tests/test_compile.py .                                                  [  5%]
tests/test_oracles.py ................                                   [ 31%]
tests/test_partition.py ................                                 [ 58%]
tests/test_phase1_identities.py ...                                      [ 63%]
tests/test_phase2_baselines.py ..........                                [ 80%]
tests/test_phase3.py ....                                                [ 86%]
tests/test_routing.py ...                                                [ 91%]
tests/test_solvers.py .....                                              [100%]

============================= 60 passed in 14.74s ==============================
Build completed successfully.
{
  "status": "PASS",
  "checks": {
    "streaming": true,
    "deterministic": true,
    "clipping": true,
    "one_hot": true,
    "monte_carlo": true,
    "covariance_omission_measurable": true,
    "target_conflict_and_misspecification": true,
    "handoff": true,
    "conditioning": true,
    "costs": true
  },
  "aggregate": {
    "streaming_cases": 90,
    "streaming_prefixes_checked": 1467,
    "maximum_streaming_tolerance_ratio": 0.0002742402906496974,
    "partition_failures": 0,
    "deterministic_rows": 64,
    "maximum_identity_tolerance_ratio": 3.3537600009044386e-06,
    "maximum_gate_formula_tolerance_ratio": 4.1578715331926e-05,
    "invalid_gate_cancellation_rows_retained": 12,
    "invalid_conditioning_rows_retained": 4
  },
  "wall_time_seconds": 4.8487622860002375
}
=== Running Pytest Suite ===
============================= test session starts ==============================
platform linux -- Python 3.12.3, pytest-8.4.1, pluggy-1.6.0
rootdir: /root/aurelis
configfile: pyproject.toml
testpaths: tests
collected 60 items

tests/test_autograd.py ..                                                [  3%]
tests/test_compile.py .                                                  [  5%]
tests/test_oracles.py ................                                   [ 31%]
tests/test_partition.py ................                                 [ 58%]
tests/test_phase1_identities.py ...                                      [ 63%]
tests/test_phase2_baselines.py ..........                                [ 80%]
tests/test_phase3.py ....                                                [ 86%]
tests/test_routing.py ...                                                [ 91%]
tests/test_solvers.py .....                                              [100%]

============================= 60 passed in 14.42s ==============================
=== Building Lean Formal Proofs ===
Build completed successfully.
=== Checking for Lean Placeholders ===
=== Running Phase 2 Experiment ===
[2026-09-04T06:48:53.823586+00:00] Starting Phase 2 Experiment on cuda (dtype: torch.float64)
Running 9 Falsification Suites across seeds...
Evaluating 10 baselines in the Four Views...
Running context length sweeps (64 to 2048)...
Computing Gate Checks and Statistical Audits...
Phase 2 Gates Status: PASS
  gate_1_baselines_pass_equation_tests: True
  gate_2_linear_reproduction_isolated: True
  gate_3_gaussian_advantage_survives_every_seed: True
  gate_4_aurelis_e_exception_isolated: True
  gate_5_nonlinear_no_advantage_retained: True
  gate_6_capacity_failures_agree_with_limits: True
  gate_7_full_covariance_beats_independence_heuristic: True
Metrics saved to /root/aurelis/results/phase2/metrics.json
=== Verifying Phase 2 Gates ===
PASS record written to /root/aurelis/results/phase2/PASS.md
