[W904 17:53:08.426057433 collection.cpp:1116] Warning: ROCTracer produced duplicate flow start: 3 (function operator())
============================= test session starts ==============================
platform linux -- Python 3.12.3, pytest-8.4.1, pluggy-1.6.0
rootdir: /root/aurelis
configfile: pyproject.toml
testpaths: tests
collected 66 items

tests/test_autograd.py ..                                                [  3%]
tests/test_compile.py .                                                  [  4%]
tests/test_oracles.py ................                                   [ 28%]
tests/test_partition.py ................                                 [ 53%]
tests/test_phase1_identities.py ...                                      [ 57%]
tests/test_phase2_baselines.py ..........                                [ 72%]
tests/test_phase3.py ....                                                [ 78%]
tests/test_phase4.py ......                                              [ 87%]
tests/test_routing.py ...                                                [ 92%]
tests/test_solvers.py .....                                              [100%]

============================= 66 passed in 14.12s ==============================
Build completed successfully.
============================= test session starts ==============================
platform linux -- Python 3.12.3, pytest-8.4.1, pluggy-1.6.0
rootdir: /root/aurelis
configfile: pyproject.toml
testpaths: tests
collected 66 items

tests/test_autograd.py ..                                                [  3%]
tests/test_compile.py .                                                  [  4%]
tests/test_oracles.py ................                                   [ 28%]
tests/test_partition.py ................                                 [ 53%]
tests/test_phase1_identities.py ...                                      [ 57%]
tests/test_phase2_baselines.py ..........                                [ 72%]
tests/test_phase3.py ....                                                [ 78%]
tests/test_phase4.py ......                                              [ 87%]
tests/test_routing.py ...                                                [ 92%]
tests/test_solvers.py .....                                              [100%]

============================= 66 passed in 14.32s ==============================
Build completed successfully.
{
  "status": "PASS",
  "checks": {
    "streaming": true,
    "deterministic": true,
    "clipping": true,
    "one_hot": true,
    "monte_carlo": true,
    "covariance_omission_measurable": true,
    "target_conflict_and_misspecification": true,
    "handoff": true,
    "conditioning": true,
    "costs": true
  },
  "aggregate": {
    "streaming_cases": 90,
    "streaming_prefixes_checked": 1467,
    "maximum_streaming_tolerance_ratio": 0.0002742402906496974,
    "partition_failures": 0,
    "deterministic_rows": 64,
    "maximum_identity_tolerance_ratio": 3.3537600009044386e-06,
    "maximum_gate_formula_tolerance_ratio": 4.1578715331926e-05,
    "invalid_gate_cancellation_rows_retained": 12,
    "invalid_conditioning_rows_retained": 4
  },
  "wall_time_seconds": 3.320778631000394
}
