[
  {
    "category": "V2 Capacity Core",
    "claim": "Exact address recall across all arbitrary history assignments forces injective encoder.",
    "equation": "\u00a71.1",
    "file": "lean/Aurelis/Capacity.lean",
    "name": "exact_recall_injective",
    "namespace": "Aurelis.V2",
    "paper_reference": "aurelis.md \u00a71.1",
    "scope": "Arbitrary address, value, and state types; deterministic correct decoder.",
    "type": "\u2200 (encode : (Address \u2192 Value) \u2192 State) (decode : State \u2192 Address \u2192 Value), (\u2200 history address, decode (encode history) address = history address) \u2192 Function.Injective encode"
  },
  {
    "category": "V2 Capacity Core",
    "claim": "Finite-state memory lower bound |S| \u2265 m^n (b \u2265 n log2 m bits).",
    "equation": "(1)",
    "file": "lean/Aurelis/Capacity.lean",
    "name": "exact_recall_capacity",
    "namespace": "Aurelis.V2",
    "paper_reference": "aurelis.md \u00a71.1, Eq. (1)",
    "scope": "Finite types with arbitrary discrete assignments; bit interpretation is analytic corollary.",
    "type": "Fintype.card Value ^ Fintype.card Address \u2264 Fintype.card State"
  },
  {
    "category": "V2 Recurrence Core",
    "claim": "Evaluation of S' = \u03b1 S + \u03b2 (v - \u03b1 S k) k\u1d40 is linear in the query vector.",
    "equation": "(2)",
    "file": "lean/Aurelis/DeltaMemory.lean",
    "name": "deltaRead_add",
    "namespace": "Aurelis.V2",
    "paper_reference": "aurelis.md \u00a74, Eq. (2)",
    "scope": "Inner-product space X, vector space Y over reals; arbitrary linear map memory.",
    "type": "deltaRead memory key (q\u2081 + q\u2082) value decay rate = deltaRead memory key q\u2081 value decay rate + deltaRead memory key q\u2082 value decay rate"
  },
  {
    "category": "V2 Recurrence Core",
    "claim": "Unit-norm key with rate \u03b2=1 perfectly reproduces the written value at the write key.",
    "equation": "(2)",
    "file": "lean/Aurelis/DeltaMemory.lean",
    "name": "deltaRead_exact_write",
    "namespace": "Aurelis.V2",
    "paper_reference": "aurelis.md \u00a74, Eq. (2)",
    "scope": "Inner-product space X; single unit-norm write key; does not preserve unrelated keys.",
    "type": "inner key key = 1 \u2192 deltaRead memory key key value decay 1 = value"
  },
  {
    "category": "V2 Stability Core",
    "claim": "Exact rank-one row perturbation energy identity for delta recurrence update.",
    "equation": "(5)",
    "file": "lean/Aurelis/DeltaMemory.lean",
    "name": "deltaTransition_energy",
    "namespace": "Aurelis.V2",
    "paper_reference": "aurelis.md \u00a74.1, Eq. (5)",
    "scope": "Real inner-product space; arbitrary real error vector, key, and rate \u03b2.",
    "type": "\u2016deltaTransition key error rate\u2016 ^ 2 = \u2016error\u2016 ^ 2 - rate * (2 - rate * \u2016key\u2016 ^ 2) * (inner key error) ^ 2"
  },
  {
    "category": "V2 Stability Core",
    "claim": "Row transition is non-expansive when \u03b2 \u2265 0 and \u03b2 \u2016k\u2016\u00b2 \u2264 2.",
    "equation": "(5)",
    "file": "lean/Aurelis/DeltaMemory.lean",
    "name": "deltaTransition_nonexpansive",
    "namespace": "Aurelis.V2",
    "paper_reference": "aurelis.md \u00a74.1, Eq. (5)",
    "scope": "Row error vector; fixed identical inputs to both states.",
    "type": "0 \u2264 rate \u2192 rate * \u2016key\u2016 ^ 2 \u2264 2 \u2192 \u2016deltaTransition key error rate\u2016 \u2264 \u2016error\u2016"
  },
  {
    "category": "V2 Stability Core",
    "claim": "State forgetting factor \u03b1 \u2265 0 contracts row perturbations: \u2016D+\u2016 \u2264 \u03b1 \u2016D\u2016.",
    "equation": "(6)",
    "file": "lean/Aurelis/DeltaMemory.lean",
    "name": "decayed_delta_nonexpansive",
    "namespace": "Aurelis.V2",
    "paper_reference": "aurelis.md \u00a74.1, Eq. (6)",
    "scope": "Row transition; matrix Frobenius norm corollary follows analytically by row summation.",
    "type": "0 \u2264 decay \u2192 0 \u2264 rate \u2192 rate * \u2016key\u2016 ^ 2 \u2264 2 \u2192 \u2016decay \u2022 deltaTransition key error rate\u2016 \u2264 decay * \u2016error\u2016"
  },
  {
    "category": "V2 Certificate Core",
    "claim": "Completed read balance identity: denominator multiplies normalized estimate to reconstruct numerator.",
    "equation": "(8)",
    "file": "lean/Aurelis/CertifiedRead.lean",
    "name": "completedRead_balance",
    "namespace": "Aurelis.V2",
    "paper_reference": "aurelis.md \u00a75, Eq. (8)",
    "scope": "Real normed space V; non-zero total estimated mass zs + zh.",
    "type": "zs + zh \u2260 0 \u2192 (zs + zh) \u2022 completedRead zs zh ns prior = ns + zh \u2022 prior"
  },
  {
    "category": "V2 Certificate Core",
    "claim": "Empty unread mass (zh = 0) exactly reduces completed read to standard attention.",
    "equation": "(7)",
    "file": "lean/Aurelis/CertifiedRead.lean",
    "name": "completedRead_full",
    "namespace": "Aurelis.V2",
    "paper_reference": "aurelis.md \u00a75, Eq. (7)/(8)",
    "scope": "Real arithmetic; exact equality over identical queries, keys, and values.",
    "type": "completedRead zs 0 ns prior = zs\u207b\u00b9 \u2022 ns"
  },
  {
    "category": "V2 Certificate Core",
    "claim": "Exact algebraic split of completion error into value residual and normalizer mass uncertainty.",
    "equation": "(9)",
    "file": "lean/Aurelis/CertifiedRead.lean",
    "name": "completion_error_identity",
    "namespace": "Aurelis.V2",
    "paper_reference": "aurelis.md \u00a76, Eq. (9)",
    "scope": "Real normed vector space; both true mass and estimated mass non-zero.",
    "type": "(zs + zo) \u2022 ((zs + zo)\u207b\u00b9 \u2022 (ns + no) - completedRead zs zh ns prior) = (no - zo \u2022 prior) + (zo - zh) \u2022 (prior - completedRead zs zh ns prior)"
  },
  {
    "category": "V2 Certificate Core",
    "claim": "Deterministic norm upper bound accounting for residual error and normalizer uncertainty.",
    "equation": "(10)",
    "file": "lean/Aurelis/CertifiedRead.lean",
    "name": "residual_certificate",
    "namespace": "Aurelis.V2",
    "paper_reference": "aurelis.md \u00a76, Eq. (10)",
    "scope": "Real normed space; positive lower bound floor on denominator mass.",
    "type": "0 < floor \u2192 floor \u2264 mass \u2192 mass \u2022 (truth - approx) = residual + delta \u2022 (prior - approx) \u2192 \u2016residual\u2016 \u2264 radius \u2192 |delta| \u2264 gap \u2192 \u2016truth - approx\u2016 \u2264 (radius + gap * \u2016prior - approx\u2016) / floor"
  },
  {
    "category": "V2 Certificate Core",
    "claim": "Midpoint mass estimate error bounded by half-width \u03b7 = (U_O - L_O)/2.",
    "equation": "(8)",
    "file": "lean/Aurelis/CertifiedRead.lean",
    "name": "midpoint_error",
    "namespace": "Aurelis.V2",
    "paper_reference": "aurelis.md \u00a75, Eq. (8)",
    "scope": "Exact real interval arithmetic.",
    "type": "lo \u2264 actual \u2192 actual \u2264 hi \u2192 |actual - (lo + hi) / 2| \u2264 (hi - lo) / 2"
  },
  {
    "category": "V2 Certificate Core",
    "claim": "Monotonicity of real exponential yields score intervals to softmax mass intervals.",
    "equation": "(11)-(12)",
    "file": "lean/Aurelis/CertifiedRead.lean",
    "name": "exp_score_interval",
    "namespace": "Aurelis.V2",
    "paper_reference": "aurelis.md \u00a76.1, Eq. (11)-(12)",
    "scope": "Scalar real exponential.",
    "type": "lower \u2264 score \u2192 score \u2264 upper \u2192 exp lower \u2264 exp score \u2227 exp score \u2264 exp upper"
  },
  {
    "category": "V2 Certificate Core",
    "claim": "Weighted sum of residual vectors bounded by sum of mass upper bounds times value radii.",
    "equation": "(12)",
    "file": "lean/Aurelis/CertifiedRead.lean",
    "name": "weighted_residual_bound",
    "namespace": "Aurelis.V2",
    "paper_reference": "aurelis.md \u00a76.1, Eq. (12)",
    "scope": "Finite index set, nonnegative weights bounded by upper, values within radius of prior.",
    "type": "\u2016\u2211 i \u2208 indices, weight i \u2022 (value i - prior)\u2016 \u2264 \u2211 i \u2208 indices, upper i * radius i"
  },
  {
    "category": "V2 Certificate Core",
    "claim": "Full end-to-end conditional certificate for midpoint completed read.",
    "equation": "(10)",
    "file": "lean/Aurelis/CertifiedRead.lean",
    "name": "completedRead_certificate",
    "namespace": "Aurelis.V2",
    "paper_reference": "aurelis.md \u00a76, Eq. (10)",
    "scope": "Exact reals; positive selected mass zs > 0; true unread mass zo in [lo, hi]; valid residual bound radius.",
    "type": "\u2016(zs + zo)\u207b\u00b9 \u2022 (ns + no) - completedRead zs ((lo + hi) / 2) ns prior\u2016 \u2264 (radius + ((hi - lo) / 2) * \u2016prior - completedRead zs ((lo + hi) / 2) ns prior\u2016) / (zs + lo)"
  },
  {
    "category": "V2 Page Envelopes",
    "claim": "1D coordinate product interval bounding q_d * k_d.",
    "equation": "(11)",
    "file": "lean/Aurelis/PageEnvelope.lean",
    "name": "coordinate_product_interval",
    "namespace": "Aurelis.V2",
    "paper_reference": "aurelis.md \u00a76.1, Eq. (11)",
    "scope": "Exact real numbers; handles sign of q_d automatically.",
    "type": "lower \u2264 key \u2192 key \u2264 upper \u2192 min (q * lower) (q * upper) \u2264 q * key \u2227 q * key \u2264 max (q * lower) (q * upper)"
  },
  {
    "category": "V2 Page Envelopes",
    "claim": "Multidimensional coordinate bounding box implies dot-product score intervals [\u2113_j, u_j].",
    "equation": "(11)",
    "file": "lean/Aurelis/PageEnvelope.lean",
    "name": "dot_box_interval",
    "namespace": "Aurelis.V2",
    "paper_reference": "aurelis.md \u00a76.1, Eq. (11)",
    "scope": "Finite dimension set D, non-negative scale factor \u03ba.",
    "type": "scale * (\u2211 d, min (q d * lower d) (q d * upper d)) \u2264 scale * (\u2211 d, q d * key d) \u2264 scale * (\u2211 d, max (q d * lower d) (q d * upper d))"
  },
  {
    "category": "V2 Page Envelopes",
    "claim": "Page mass bound L_j = n_j exp(\u2113_j) \u2264 Z_j \u2264 n_j exp(u_j) = U_j.",
    "equation": "(12)",
    "file": "lean/Aurelis/PageEnvelope.lean",
    "name": "page_mass_interval",
    "namespace": "Aurelis.V2",
    "paper_reference": "aurelis.md \u00a76.1, Eq. (12)",
    "scope": "Finite page of size n_j, uniform score bounds [lower, upper].",
    "type": "(card page) * exp lower \u2264 (\u2211 i \u2208 page, exp (score i)) \u2264 (card page) * exp upper"
  },
  {
    "category": "V2 Page Envelopes",
    "claim": "Page residual norm envelope b_j(r) = U_j (\u2016c_j - r\u2016 + \u03c1_j).",
    "equation": "(12)",
    "file": "lean/Aurelis/PageEnvelope.lean",
    "name": "page_residual_ball",
    "namespace": "Aurelis.V2",
    "paper_reference": "aurelis.md \u00a76.1, Eq. (12)",
    "scope": "Exact reals; value ball around center with radius \u03c1_j; prior predictor r.",
    "type": "\u2016\u2211 i \u2208 page, exp (score i) \u2022 (value i - prior)\u2016 \u2264 ((card page) * exp upper) * (\u2016center - prior\u2016 + radius)"
  },
  {
    "category": "Reused Deterministic Core",
    "claim": "Exact sequence partition: recent cache and remote suffix reconstruct history exactly once.",
    "equation": "\u00a73",
    "file": "lean/Aurelis/Handoff.lean",
    "name": "handoff_partition",
    "namespace": "Aurelis",
    "paper_reference": "aurelis.md \u00a73",
    "scope": "Finite lists; occurrence-level identity; no double counting.",
    "type": "recent window history ++ remote window history = history"
  },
  {
    "category": "Reused Deterministic Core",
    "claim": "Recent attention cache is bounded by sliding window size w.",
    "equation": "\u00a73",
    "file": "lean/Aurelis/Handoff.lean",
    "name": "recent_length_le_window",
    "namespace": "Aurelis",
    "paper_reference": "aurelis.md \u00a73",
    "scope": "List length arithmetic.",
    "type": "(recent window history).length \u2264 window"
  },
  {
    "category": "Reused Deterministic Core",
    "claim": "Remote set is empty while sequence length is within local window.",
    "equation": "\u00a73",
    "file": "lean/Aurelis/Handoff.lean",
    "name": "remote_empty_before_window",
    "namespace": "Aurelis",
    "paper_reference": "aurelis.md \u00a73",
    "scope": "List length arithmetic.",
    "type": "history.length \u2264 window \u2192 remote window history = []"
  },
  {
    "category": "Reused Deterministic Core",
    "claim": "Overlap redundancy lemma: double counting cache tokens inflates sequence length.",
    "equation": "\u00a73",
    "file": "lean/Aurelis/Handoff.lean",
    "name": "cache_overlap_redundancy",
    "namespace": "Aurelis",
    "paper_reference": "aurelis.md \u00a73",
    "scope": "List length arithmetic.",
    "type": "0 < (recent window history).length \u2192 history.length < (recent window history ++ history).length"
  },
  {
    "category": "Reused Deterministic Core",
    "claim": "General-gate error identity for arbitrary linear memory.",
    "equation": "(4)",
    "file": "lean/Aurelis/ResidualCorrection.lean",
    "name": "gated_error_identity",
    "namespace": "Aurelis",
    "paper_reference": "aurelis.md \u00a74",
    "scope": "Arbitrary linear maps memory, truth over real vector spaces.",
    "type": "gatedRead memory gate localValue localKey query - truth query = (memory - truth) query + gate \u2022 ((localValue - truth localKey) - (memory - truth) localKey)"
  },
  {
    "category": "Reused Deterministic Core",
    "claim": "Full residual gate (gate=1) recovers residual corrected read r(q) = v_L + S(q - k_L).",
    "equation": "(3)",
    "file": "lean/Aurelis/ResidualCorrection.lean",
    "name": "gatedRead_one",
    "namespace": "Aurelis",
    "paper_reference": "aurelis.md \u00a74, Eq. (3)",
    "scope": "Real vector spaces.",
    "type": "gatedRead memory 1 localValue localKey query = correctedRead memory localValue localKey query"
  },
  {
    "category": "Reused Deterministic Core",
    "claim": "Residual correction decomposes error into local residual plus remote slope error on query residual.",
    "equation": "(4)",
    "file": "lean/Aurelis/ResidualCorrection.lean",
    "name": "corrected_error_identity",
    "namespace": "Aurelis",
    "paper_reference": "aurelis.md \u00a74, Eq. (4)",
    "scope": "Real vector spaces, arbitrary linear maps.",
    "type": "correctedRead memory localValue localKey query - truth query = (localValue - truth localKey) + (memory - truth) (query - localKey)"
  },
  {
    "category": "Reused Deterministic Core",
    "claim": "Exact slope truth and linear consistency reproduces linear truth exactly.",
    "equation": "(4)",
    "file": "lean/Aurelis/ResidualCorrection.lean",
    "name": "corrected_reproduces_linear",
    "namespace": "Aurelis",
    "paper_reference": "aurelis.md \u00a74",
    "scope": "Arbitrary linear maps.",
    "type": "correctedRead truth (truth localKey) localKey query = truth query"
  },
  {
    "category": "Reused Deterministic Core",
    "claim": "One-hot local attention hit with query = localKey reproduces target value exactly.",
    "equation": "(4)",
    "file": "lean/Aurelis/ResidualCorrection.lean",
    "name": "corrected_exact_hit",
    "namespace": "Aurelis",
    "paper_reference": "aurelis.md \u00a74",
    "scope": "Arbitrary linear maps; independent of remote memory state.",
    "type": "correctedRead memory target query query = target"
  },
  {
    "category": "Reused Deterministic Core",
    "claim": "Linear operator commutes with finite attention barycenters.",
    "equation": "(4)",
    "file": "lean/Aurelis/ResidualCorrection.lean",
    "name": "map_weightedMean",
    "namespace": "Aurelis",
    "paper_reference": "aurelis.md \u00a74",
    "scope": "Real vector spaces, finite index sets.",
    "type": "truth (weightedMean weight value) = \u2211 index, weight index \u2022 truth (value index)"
  },
  {
    "category": "Reused Deterministic Core",
    "claim": "Barycentric attention error is the barycenter of pointwise association residuals.",
    "equation": "(4)",
    "file": "lean/Aurelis/ResidualCorrection.lean",
    "name": "weighted_residual_identity",
    "namespace": "Aurelis",
    "paper_reference": "aurelis.md \u00a74",
    "scope": "Real vector spaces, finite index sets.",
    "type": "(\u2211 index, weight index \u2022 value index) - truth (weightedMean weight key) = \u2211 index, weight index \u2022 (value index - truth (key index))"
  }
]
